// Jest Snapshot v1, https://goo.gl/fbAQLP

exports[`App renders correctly 1`] = `
<div
  className="css-1podhy4-Style"
>
  Welcome to my template!
</div>
`;
